// Jest Snapshot v1, https://goo.gl/fbAQLP

exports[`<LoginScreen /> renders correctly 1`] = `
<View
  onLayout={[Function]}
  style={
    {
      "alignItems": "center",
      "display": "flex",
      "height": "100%",
      "justifyContent": "center",
      "paddingBottom": 32,
      "paddingLeft": 32,
      "paddingRight": 32,
      "paddingTop": 32,
      "width": "100%",
    }
  }
>
  <View
    accessibilityIgnoresInvertColors={true}
    style={
      {
        "backgroundColor": "transparent",
        "overflow": "hidden",
        "position": "relative",
      }
    }
  >
    <Image
      onLoad={[Function]}
      source={
        {
          "uri": "https://github.com/dsrcr/stellar-message/blob/master/assets/logo.png?raw=true",
        }
      }
      style={
        {
          "borderRadius": 12,
          "bottom": 0,
          "height": 280,
          "left": 0,
          "paddingBottom": 16,
          "paddingLeft": 32,
          "paddingRight": 32,
          "paddingTop": 32,
          "position": "absolute",
          "right": 0,
          "top": 0,
          "width": 280,
        }
      }
      testID="RNE__Image"
      transitionDuration={360}
    />
    <View
      accessibilityElementsHidden={true}
      collapsable={false}
      importantForAccessibility="no-hide-descendants"
      pointerEvents="none"
      style={
        {
          "bottom": 0,
          "left": 0,
          "opacity": 1,
          "position": "absolute",
          "right": 0,
          "top": 0,
        }
      }
    >
      <View
        style={
          {
            "alignItems": "center",
            "backgroundColor": "#bdbdbd",
            "borderRadius": 12,
            "height": 280,
            "justifyContent": "center",
            "paddingBottom": 16,
            "paddingLeft": 32,
            "paddingRight": 32,
            "paddingTop": 32,
            "width": 280,
          }
        }
        testID="RNE__Image__placeholder"
      />
    </View>
    <View
      style={
        {
          "borderRadius": 12,
          "height": 280,
          "paddingBottom": 16,
          "paddingLeft": 32,
          "paddingRight": 32,
          "paddingTop": 32,
          "width": 280,
        }
      }
      testID="RNE__Image__children__container"
    />
  </View>
  <View
    style={
      {
        "alignItems": "center",
        "borderColor": "#d1d5db",
        "borderRadius": 12,
        "borderWidth": 2,
        "display": "flex",
        "flexDirection": "row",
        "justifyContent": "center",
        "marginTop": 32,
        "width": "100%",
      }
    }
  >
    <TextInput
      autoFocus={true}
      id="email"
      inputMode="email"
      keyboardType="email-address"
      name="email"
      onChangeText={[Function]}
      placeholder="E-mail address"
      placeholderTextColor="gray"
      style={
        {
          "borderRadius": 12,
          "fontSize": 16,
          "lineHeight": 24,
          "paddingBottom": 16,
          "paddingLeft": 16,
          "paddingRight": 16,
          "paddingTop": 16,
          "width": "100%",
        }
      }
      textContentType="emailAddress"
      value=""
    />
  </View>
  <View
    style={
      {
        "alignItems": "center",
        "borderColor": "#d1d5db",
        "borderRadius": 12,
        "borderWidth": 2,
        "display": "flex",
        "flexDirection": "row",
        "justifyContent": "center",
        "marginTop": 32,
        "paddingLeft": 16,
        "paddingRight": 20,
        "width": "100%",
      }
    }
  >
    <TextInput
      id="password"
      inputMode="text"
      name="password"
      onChangeText={[Function]}
      placeholder="Password"
      placeholderTextColor="gray"
      secureTextEntry={true}
      style={
        {
          "borderRadius": 12,
          "fontSize": 16,
          "lineHeight": 24,
          "paddingBottom": 16,
          "paddingLeft": 8,
          "paddingTop": 16,
          "width": "100%",
        }
      }
      textContentType="password"
      value=""
    />
    <View
      accessibilityState={
        {
          "busy": undefined,
          "checked": undefined,
          "disabled": undefined,
          "expanded": undefined,
          "selected": undefined,
        }
      }
      accessibilityValue={
        {
          "max": undefined,
          "min": undefined,
          "now": undefined,
          "text": undefined,
        }
      }
      accessible={true}
      collapsable={false}
      focusable={true}
      onBlur={[Function]}
      onClick={[Function]}
      onFocus={[Function]}
      onResponderGrant={[Function]}
      onResponderMove={[Function]}
      onResponderRelease={[Function]}
      onResponderTerminate={[Function]}
      onResponderTerminationRequest={[Function]}
      onStartShouldSetResponder={[Function]}
    >
      <Text />
    </View>
  </View>
  <View
    accessibilityState={
      {
        "busy": undefined,
        "checked": undefined,
        "disabled": undefined,
        "expanded": undefined,
        "selected": undefined,
      }
    }
    accessibilityValue={
      {
        "max": undefined,
        "min": undefined,
        "now": undefined,
        "text": undefined,
      }
    }
    accessible={true}
    collapsable={false}
    focusable={true}
    onBlur={[Function]}
    onClick={[Function]}
    onFocus={[Function]}
    onResponderGrant={[Function]}
    onResponderMove={[Function]}
    onResponderRelease={[Function]}
    onResponderTerminate={[Function]}
    onResponderTerminationRequest={[Function]}
    onStartShouldSetResponder={[Function]}
    style={
      {
        "paddingBottom": 16,
        "paddingLeft": 16,
        "paddingRight": 16,
        "paddingTop": 16,
      }
    }
  >
    <Text
      style={
        {
          "fontSize": 16,
          "lineHeight": 24,
        }
      }
    >
      Forgot password?
    </Text>
  </View>
  <View
    style={
      [
        {
          "overflow": "hidden",
        },
        {
          "borderRadius": 2,
        },
        {
          "paddingBottom": 16,
          "paddingLeft": 16,
          "paddingRight": 16,
          "paddingTop": 16,
          "width": "100%",
        },
        false,
      ]
    }
    testID="RNE_BUTTON_WRAPPER"
  >
    <View
      accessibilityRole="button"
      accessibilityState={
        {
          "busy": false,
          "checked": undefined,
          "disabled": false,
          "expanded": undefined,
          "selected": undefined,
        }
      }
      accessibilityValue={
        {
          "max": undefined,
          "min": undefined,
          "now": undefined,
          "text": undefined,
        }
      }
      accessible={true}
      collapsable={false}
      focusable={true}
      onClick={[Function]}
      onResponderGrant={[Function]}
      onResponderMove={[Function]}
      onResponderRelease={[Function]}
      onResponderTerminate={[Function]}
      onResponderTerminationRequest={[Function]}
      onStartShouldSetResponder={[Function]}
      style={
        {
          "opacity": 1,
        }
      }
    >
      <View
        style={
          {
            "alignItems": "center",
            "backgroundColor": "#2089dc",
            "borderColor": "#2089dc",
            "borderRadius": 12,
            "borderWidth": 0,
            "flexDirection": "row",
            "fontSize": 18,
            "justifyContent": "center",
            "lineHeight": 28,
            "padding": 12,
            "paddingHorizontal": 14,
          }
        }
      >
        <Text
          style={
            {
              "color": "white",
              "fontSize": 18,
              "lineHeight": 28,
              "paddingVertical": 1,
              "textAlign": "center",
            }
          }
        >
          Login
        </Text>
      </View>
    </View>
  </View>
  <Text
    style={
      {
        "fontSize": 16,
        "lineHeight": 24,
      }
    }
  >
    or use
  </Text>
  <View
    style={
      {
        "display": "flex",
        "flexDirection": "row",
        "justifyContent": "space-around",
      }
    }
  >
    <View
      style={
        [
          {
            "overflow": "hidden",
          },
          {
            "borderRadius": 2,
          },
          {
            "minWidth": 164,
            "paddingBottom": 16,
            "paddingLeft": 16,
            "paddingRight": 16,
            "paddingTop": 16,
          },
          false,
        ]
      }
      testID="RNE_BUTTON_WRAPPER"
    >
      <View
        accessibilityRole="button"
        accessibilityState={
          {
            "busy": false,
            "checked": undefined,
            "disabled": false,
            "expanded": undefined,
            "selected": undefined,
          }
        }
        accessibilityValue={
          {
            "max": undefined,
            "min": undefined,
            "now": undefined,
            "text": undefined,
          }
        }
        accessible={true}
        collapsable={false}
        focusable={true}
        onClick={[Function]}
        onResponderGrant={[Function]}
        onResponderMove={[Function]}
        onResponderRelease={[Function]}
        onResponderTerminate={[Function]}
        onResponderTerminationRequest={[Function]}
        onStartShouldSetResponder={[Function]}
        style={
          {
            "opacity": 1,
          }
        }
      >
        <View
          style={
            {
              "alignItems": "center",
              "backgroundColor": "#2089dc",
              "borderColor": "#2089dc",
              "borderRadius": 12,
              "borderWidth": 0,
              "flexDirection": "row",
              "fontSize": 18,
              "justifyContent": "center",
              "lineHeight": 28,
              "padding": 12,
              "paddingHorizontal": 14,
            }
          }
        >
          <Text />
        </View>
      </View>
    </View>
    <View
      style={
        [
          {
            "overflow": "hidden",
          },
          {
            "borderRadius": 2,
          },
          {
            "minWidth": 164,
            "paddingBottom": 16,
            "paddingLeft": 16,
            "paddingRight": 16,
            "paddingTop": 16,
          },
          false,
        ]
      }
      testID="RNE_BUTTON_WRAPPER"
    >
      <View
        accessibilityRole="button"
        accessibilityState={
          {
            "busy": false,
            "checked": undefined,
            "disabled": false,
            "expanded": undefined,
            "selected": undefined,
          }
        }
        accessibilityValue={
          {
            "max": undefined,
            "min": undefined,
            "now": undefined,
            "text": undefined,
          }
        }
        accessible={true}
        collapsable={false}
        focusable={true}
        onClick={[Function]}
        onResponderGrant={[Function]}
        onResponderMove={[Function]}
        onResponderRelease={[Function]}
        onResponderTerminate={[Function]}
        onResponderTerminationRequest={[Function]}
        onStartShouldSetResponder={[Function]}
        style={
          {
            "opacity": 1,
          }
        }
      >
        <View
          style={
            {
              "alignItems": "center",
              "backgroundColor": "#2089dc",
              "borderColor": "#2089dc",
              "borderRadius": 12,
              "borderWidth": 0,
              "flexDirection": "row",
              "fontSize": 18,
              "justifyContent": "center",
              "lineHeight": 28,
              "padding": 12,
              "paddingHorizontal": 14,
            }
          }
        >
          <Text />
        </View>
      </View>
    </View>
  </View>
  <View
    style={
      {
        "alignItems": "center",
        "flexDirection": "row",
        "justifyContent": "center",
      }
    }
  >
    <Text
      style={
        {
          "fontSize": 16,
          "lineHeight": 24,
        }
      }
    >
      Don't have an account? 
    </Text>
    <View
      accessibilityState={
        {
          "busy": undefined,
          "checked": undefined,
          "disabled": undefined,
          "expanded": undefined,
          "selected": undefined,
        }
      }
      accessibilityValue={
        {
          "max": undefined,
          "min": undefined,
          "now": undefined,
          "text": undefined,
        }
      }
      accessible={true}
      collapsable={false}
      focusable={true}
      onBlur={[Function]}
      onClick={[Function]}
      onFocus={[Function]}
      onResponderGrant={[Function]}
      onResponderMove={[Function]}
      onResponderRelease={[Function]}
      onResponderTerminate={[Function]}
      onResponderTerminationRequest={[Function]}
      onStartShouldSetResponder={[Function]}
    >
      <Text
        style={
          {
            "color": "#2089DC",
            "fontSize": 16,
          }
        }
      >
        Register
      </Text>
    </View>
  </View>
</View>
`;
